// Jest Snapshot v1, https://goo.gl/fbAQLP

exports[`Should render correectly 1`] = `
<div>
  <section
    class="movie-card movie-card--full"
  >
    <div
      class="movie-card__hero"
    >
      <div
        class="movie-card__bg"
      >
        <img
          alt=""
          src=""
        />
      </div>
      <h1
        class="visually-hidden"
      >
        WTW
      </h1>
      <header
        class="page-header movie-card__head"
      >
        <div
          class="logo"
        >
          <a
            aria-current="page"
            class="logo__link active"
            href="/"
          >
            <span
              class="logo__letter logo__letter--1"
            >
              W
            </span>
            <span
              class="logo__letter logo__letter--2"
            >
              T
            </span>
            <span
              class="logo__letter logo__letter--3"
            >
              W
            </span>
          </a>
        </div>
        <a
          href="/login"
          style="color: rgb(217, 205, 141); text-align: right; text-decoration: none; margin-left: auto; padding: 5px; border: 1px solid #d9cd8d; border-radius: 10px;"
        >
          <h2>
            Sign in
          </h2>
        </a>
      </header>
      <div
        class="movie-card__wrap"
      >
        <div
          class="movie-card__desc"
        >
          <h2
            class="movie-card__title"
          />
          <p
            class="movie-card__meta"
          >
            <span
              class="movie-card__genre"
            />
            <span
              class="movie-card__year"
            >
              0
            </span>
          </p>
          <div
            class="movie-card__buttons"
          >
            <button
              class="btn btn--play movie-card__button"
              type="button"
            >
              <svg
                height="19"
                viewBox="0 0 19 19"
                width="19"
              >
                <use
                  xlink:href="#play-s"
                />
              </svg>
              <span>
                Play
              </span>
            </button>
            <button
              class="btn btn--list movie-card__button"
              style="display: none;"
              type="button"
            >
              <svg
                height="20"
                viewBox="0 0 19 20"
                width="19"
              >
                <use
                  xlink:href="#add"
                />
              </svg>
              <span>
                My list
              </span>
            </button>
            <a
              class="btn movie-card__button"
              href="/films/NaN/review"
              style="display: none;"
            >
              Add review
            </a>
          </div>
        </div>
      </div>
    </div>
    <div
      class="movie-card__wrap movie-card__translate-top"
    >
      <div
        class="movie-card__info"
      >
        <div
          class="movie-card__poster movie-card__poster--big"
        >
          <img
            alt=""
            height="327"
            src=""
            width="218"
          />
        </div>
        <div
          class="movie-card__desc"
        >
          <nav
            class="movie-nav movie-card__nav"
          >
            <ul
              class="movie-nav__list"
            >
              <li
                class="movie-nav__item movie-nav__item--active"
              >
                <a
                  class="movie-nav__link"
                  href="#"
                >
                  Overview
                </a>
              </li>
              <li
                class="movie-nav__item"
              >
                <a
                  class="movie-nav__link"
                  href="#"
                >
                  Details
                </a>
              </li>
              <li
                class="movie-nav__item"
              >
                <a
                  class="movie-nav__link"
                  href="#"
                >
                  Reviews
                </a>
              </li>
            </ul>
          </nav>
          <div
            class="movie-rating"
          >
            <div
              class="movie-rating__score"
            >
              0
            </div>
            <p
              class="movie-rating__meta"
            >
              <span
                class="movie-rating__level"
              >
                Bad
              </span>
              <span
                class="movie-rating__count"
              >
                0
              </span>
            </p>
          </div>
          <div
            class="movie-card__text"
          >
            <p />
            <p
              class="movie-card__director"
            >
              <strong>
                Director: 
                
              </strong>
            </p>
            <p
              class="movie-card__starring"
            >
              <strong>
                Starring: 
              </strong>
            </p>
          </div>
        </div>
      </div>
    </div>
  </section>
  <div
    class="page-content"
  >
    <section
      class="catalog catalog--like-this"
    >
      <h2
        class="catalog__title"
      >
        More like this
      </h2>
      <div
        class="catalog__movies-list"
      >
        <h2>
          The were no films added yet.
        </h2>
      </div>
    </section>
    <footer
      class="page-footer"
    >
      <div
        class="logo"
      >
        <a
          class="logo__link logo__link--light"
        >
          <span
            class="logo__letter logo__letter--1"
          >
            W
          </span>
          <span
            class="logo__letter logo__letter--2"
          >
            T
          </span>
          <span
            class="logo__letter logo__letter--3"
          >
            W
          </span>
        </a>
      </div>
      <div
        class="copyright"
      >
        <p>
          Â© 2021 What to watch Ltd.
        </p>
      </div>
    </footer>
  </div>
</div>
`;
