// Jest Snapshot v1, https://goo.gl/fbAQLP

exports[`Should render correctly 1`] = `
<div>
  <div
    class="movie-card__poster"
  >
    <img
      alt="test poster"
      height="327"
      src="img/the-grand-budapest-hotel-poster.jpg"
      width="218"
    />
  </div>
</div>
`;
