// Jest Snapshot v1, https://goo.gl/fbAQLP

exports[`Should render correctly 1`] = `
<div>
  <div
    class="movie-card__info"
  >
    <div
      class="movie-card__poster"
    >
      <img
        alt="Shutter Island poster"
        height="327"
        src="https://assets.htmlacademy.ru/intensives/javascript-3/film/poster/Shutter_Island.jpg"
        width="218"
      />
    </div>
    <div
      class="movie-card__desc"
    >
      <h2
        class="movie-card__title"
      >
        Shutter Island
      </h2>
      <p
        class="movie-card__meta"
      >
        <span
          class="movie-card__genre"
        >
          Thriller
        </span>
        <span
          class="movie-card__year"
        >
          2010
        </span>
      </p>
      <div
        class="movie-card__buttons"
      >
        <button
          class="btn btn--play movie-card__button"
          type="button"
        >
          <svg
            height="19"
            viewBox="0 0 19 19"
            width="19"
          >
            <use
              xlink:href="#play-s"
            />
          </svg>
          <span>
            Play
          </span>
        </button>
        <button
          class="btn btn--list movie-card__button"
          type="button"
        >
          <svg
            height="20"
            viewBox="0 0 19 20"
            width="19"
          >
            <use
              xlink:href="#add"
            />
          </svg>
          <span>
            My list
          </span>
        </button>
      </div>
    </div>
  </div>
</div>
`;
