// Jest Snapshot v1, https://goo.gl/fbAQLP

exports[`Should render correctly 1`] = `
<div>
  <div
    class="user-page"
  >
    <header
      class="page-header user-page__head"
    >
      <div
        class="logo"
      >
        <a
          aria-current="page"
          class="logo__link active"
          href="/"
        >
          <span
            class="logo__letter logo__letter--1"
          >
            W
          </span>
          <span
            class="logo__letter logo__letter--2"
          >
            T
          </span>
          <span
            class="logo__letter logo__letter--3"
          >
            W
          </span>
        </a>
      </div>
      <h1
        class="page-title user-page__title"
      >
        My list
      </h1>
      <div
        class="user-block"
        style="display: flex;"
      >
        <div
          class="user-block__avatar"
        >
          <img
            alt="User avatar"
            height="63"
            src=""
            style="cursor: pointer;"
            width="63"
          />
        </div>
        <div
          style="display: flex; flex-direction: column; justify-content: center; align-items: center; border: 1px solid #dfcf77; border-radius: 10px; margin-left: 10px; color: rgb(223, 207, 119); padding: 5px 7px;"
        >
          <p
            style="font-size: 16px; color: rgb(223, 207, 119); margin-top: 0px; margin-bottom: 0px;"
          />
          <a
            class="user-block__link"
            style="cursor: pointer;"
          >
            Logout
          </a>
        </div>
      </div>
    </header>
    <section
      class="catalog"
    >
      <h2
        class="catalog__title visually-hidden"
      >
        Catalog
      </h2>
      <div
        class="catalog__movies-list"
      >
        <h2
          style="color: rgb(238, 229, 181);"
        >
          Loading data...
        </h2>
      </div>
    </section>
    <footer
      class="page-footer"
    >
      <div
        class="logo"
      >
        <a
          class="logo__link logo__link--light"
        >
          <span
            class="logo__letter logo__letter--1"
          >
            W
          </span>
          <span
            class="logo__letter logo__letter--2"
          >
            T
          </span>
          <span
            class="logo__letter logo__letter--3"
          >
            W
          </span>
        </a>
      </div>
      <div
        class="copyright"
      >
        <p>
          Â© 2021 What to watch Ltd.
        </p>
      </div>
    </footer>
  </div>
</div>
`;
