// Jest Snapshot v1, https://goo.gl/fbAQLP

exports[`Should render correctly 1`] = `
<div>
  <div
    class="user-block"
    style="display: flex;"
  >
    <div
      class="user-block__avatar"
    >
      <img
        alt="User avatar"
        height="63"
        src="img/1.png"
        style="cursor: pointer;"
        width="63"
      />
    </div>
    <div
      style="display: flex; flex-direction: column; justify-content: center; align-items: center; border: 1px solid #dfcf77; border-radius: 10px; margin-left: 10px; color: rgb(223, 207, 119); padding: 5px 7px;"
    >
      <p
        style="font-size: 16px; color: rgb(223, 207, 119); margin-top: 0px; margin-bottom: 0px;"
      >
        mock@gmail.ru
      </p>
      <a
        class="user-block__link"
        style="cursor: pointer;"
      >
        Logout
      </a>
    </div>
  </div>
</div>
`;
