// Jest Snapshot v1, https://goo.gl/fbAQLP

exports[`Should render correctly 1`] = `
<div>
  <div
    class="logo"
  >
    <a
      aria-current="page"
      class="logo__link active"
      href="/"
    >
      <span
        class="logo__letter logo__letter--1"
      >
        W
      </span>
      <span
        class="logo__letter logo__letter--2"
      >
        T
      </span>
      <span
        class="logo__letter logo__letter--3"
      >
        W
      </span>
    </a>
  </div>
</div>
`;
