// Jest Snapshot v1, https://goo.gl/fbAQLP

exports[`Should render correctly 1`] = `
<div>
  <h2>
    There are no reviews yet.
  </h2>
</div>
`;
