// Jest Snapshot v1, https://goo.gl/fbAQLP

exports[`Should render correctly 1`] = `
<div>
  <form
    action="#"
    class="sign-in__form"
  >
    <div
      class="sign-in__message"
    />
    <div
      class="sign-in__fields"
    >
      <div
        class="sign-in__field"
      >
        <input
          class="sign-in__input"
          id="user-email"
          name="user-email"
          placeholder="Email address"
          required=""
          type="email"
        />
        <label
          class="sign-in__label visually-hidden"
          for="user-email"
        >
          Email address
        </label>
      </div>
      <div
        class="sign-in__field"
      >
        <input
          class="sign-in__input"
          id="user-password"
          name="user-password"
          placeholder="Password"
          required=""
          type="password"
        />
        <label
          class="sign-in__label visually-hidden"
          for="user-password"
        >
          Password
        </label>
      </div>
    </div>
    <div
      class="sign-in__submit"
    >
      <button
        class="sign-in__btn"
        type="submit"
      >
        Sign in
      </button>
    </div>
  </form>
</div>
`;
