// Jest Snapshot v1, https://goo.gl/fbAQLP

exports[`Should render correctly 1`] = `
<div>
  <li
    class="catalog__genres-item catalog__genres-item--active"
  >
    <a
      class="catalog__genres-link"
      href="#"
    >
      test
    </a>
  </li>
</div>
`;
